[23:14:57] [ServerMain/INFO]: [bootstrap] Running Java 25 (OpenJDK 64-Bit Server VM 25.0.3+9-2-24.04.2-Ubuntu; Ubuntu null) on Linux 6.8.0-1052-azure (amd64)
[23:14:57] [ServerMain/INFO]: [bootstrap] Loading Paper 26.1.2-60-main@b4682bf (2026-05-04T06:25:04Z) for Minecraft 26.1.2
[23:14:57] [ServerMain/INFO]: [PluginInitializerManager] Initializing plugins...
[23:14:57] [ServerMain/INFO]: [PluginInitializerManager] Initialized 2 plugins
[23:14:57] [ServerMain/INFO]: [PluginInitializerManager] Bukkit plugins (2):
 - Essentials (2.22.0), GraveChestNO (1.4.0)
[23:15:02] [ServerMain/INFO]: Environment: Environment[sessionHost=https://sessionserver.mojang.com, servicesHost=https://api.minecraftservices.com, profilesHost=https://api.mojang.com, name=PROD]
[23:15:03] [ServerMain/INFO]: Loaded 1515 recipes
[23:15:03] [ServerMain/INFO]: Loaded 1617 advancements
[23:15:03] [ServerMain/INFO]: [ca.spottedleaf.dataconverter.minecraft.datatypes.MCTypeRegistry] Initialising converters for DataConverter...
[23:15:04] [ServerMain/INFO]: [ca.spottedleaf.dataconverter.minecraft.datatypes.MCTypeRegistry] Finished initialising converters for DataConverter in 389.8ms
[23:15:04] [Server thread/INFO]: Starting minecraft server version 26.1.2
[23:15:04] [Server thread/INFO]: Loading properties
[23:15:04] [Server thread/INFO]: This server is running Paper version 26.1.2-60-main@b4682bf (2026-05-04T06:25:04Z) (Implementing API version 26.1.2.build.60-stable)
[23:15:04] [Server thread/INFO]: [spark] This server bundles the spark profiler. For more information please visit https://docs.papermc.io/paper/profiling
[23:15:04] [Server thread/INFO]: Server Ping Player Sample Count: 12
[23:15:04] [Server thread/INFO]: Using 4 threads for Netty based IO
[23:15:05] [Server thread/INFO]: [MoonriseCommon] Paper is using 1 worker threads, 1 I/O threads
[23:15:06] [Server thread/INFO]: Default game type: SURVIVAL
[23:15:06] [Server thread/INFO]: Generating keypair
[23:15:06] [Server thread/INFO]: Starting Minecraft server on *:25565
[23:15:06] [Server thread/INFO]: Paper: Using libdeflate (Linux x86_64) compression from Velocity.
[23:15:06] [Server thread/INFO]: Paper: Using OpenSSL 3.x.x (Linux x86_64) cipher from Velocity.
[23:15:06] [Server thread/INFO]: [GraveChestNO] Loading server plugin GraveChestNO v1.4.0
[23:15:06] [Server thread/INFO]: [Essentials] Loading server plugin Essentials v2.22.0
[23:15:06] [Server thread/INFO]: Server permissions file permissions.yml is empty, ignoring it
[23:15:06] [Server thread/WARN]: **** SERVER IS RUNNING IN OFFLINE/INSECURE MODE!
[23:15:06] [Server thread/WARN]: The server will make no attempt to authenticate usernames. Beware.
[23:15:06] [Server thread/WARN]: While this makes the game possible to play without internet access, it also opens up the ability for hackers to connect with any username they choose.
[23:15:06] [Server thread/WARN]: To change this, set "online-mode" to "true" in the server.properties file.
[23:15:06] [Server thread/INFO]: Preparing level "world"
[23:15:07] [Server thread/INFO]: Loading 0 persistent chunks for level 'minecraft:overworld'...
[23:15:07] [Server thread/INFO]: Preparing spawn area: 100%
[23:15:07] [Server thread/INFO]: Prepared spawn area in 1 ms
[23:15:07] [Server thread/INFO]: Loading 0 persistent chunks for level 'minecraft:the_nether'...
[23:15:07] [Server thread/INFO]: Prepared spawn area in 0 ms
[23:15:07] [Server thread/INFO]: Loading 0 persistent chunks for level 'minecraft:the_end'...
[23:15:07] [Server thread/INFO]: Prepared spawn area in 0 ms
[23:15:07] [Server thread/INFO]: Done preparing level "world" (0.455s)
[23:15:07] [Server thread/INFO]: [GraveChestNO] Enabling GraveChestNO v1.4.0
[23:15:07] [Server thread/WARN]: [GraveChestNO] Could not save es.yml to plugins/GraveChestNO/lang/es.yml because es.yml already exists.
[23:15:07] [Server thread/WARN]: [GraveChestNO] Could not save en.yml to plugins/GraveChestNO/lang/en.yml because en.yml already exists.
[23:15:07] [Server thread/INFO]: [Essentials] Enabling Essentials v2.22.0
[23:15:07] [Server thread/INFO]: [Essentials] Attempting to convert old kits in config.yml to new kits.yml
[23:15:07] [Server thread/INFO]: [Essentials] No kits found to migrate.
[23:15:07] [Server thread/INFO]: [Essentials] Selected 1.20.4+ Damage Event Provider as the provider for DamageEventProvider
[23:15:07] [Server thread/INFO]: [Essentials] Selected 1.17.1+ World Info Provider as the provider for WorldInfoProvider
[23:15:07] [Server thread/INFO]: [Essentials] Selected 1.21+ InventoryView Interface ABI Provider as the provider for InventoryViewProvider
[23:15:07] [Server thread/INFO]: [Essentials] Selected Paper Known Commands Provider as the provider for KnownCommandsProvider
[23:15:07] [Server thread/INFO]: [Essentials] Selected Paper Serialization Provider as the provider for SerializationProvider
[23:15:07] [Server thread/INFO]: [Essentials] Selected Paper Tick Count Provider as the provider for TickCountProvider
[23:15:07] [Server thread/INFO]: [Essentials] Selected Reflection Online Mode Provider as the provider for OnlineModeProvider
[23:15:07] [Server thread/INFO]: [Essentials] Selected 1.20.6+ Potion Meta Provider as the provider for PotionMetaProvider
[23:15:07] [Server thread/INFO]: [Essentials] Selected 1.11+ Item Unbreakable Provider as the provider for ItemUnbreakableProvider
[23:15:07] [Server thread/INFO]: [Essentials] Selected Paper Container Provider as the provider for ContainerProvider
[23:15:07] [Server thread/INFO]: [Essentials] Selected Paper Server State Provider as the provider for ServerStateProvider
[23:15:07] [Server thread/INFO]: [Essentials] Selected 1.21.4+ Sync Commands Provider as the provider for SyncCommandsProvider
[23:15:07] [Server thread/INFO]: [Essentials] Selected 1.14.4+ Persistent Data Container Provider as the provider for PersistentDataProvider
[23:15:07] [Server thread/INFO]: [Essentials] Selected Reflection Formatted Command Alias Provider as the provider for FormattedCommandAliasProvider
[23:15:07] [Server thread/INFO]: [Essentials] Selected 1.13+ Spawn Egg Provider as the provider for SpawnEggProvider
[23:15:07] [Server thread/INFO]: [Essentials] Selected Paper 1.13+ Tile Entity Provider as the provider for TileEntityProvider
[23:15:07] [Server thread/INFO]: [Essentials] Selected Legacy Biome Name Provider as the provider for BiomeNameProvider
[23:15:07] [Server thread/INFO]: [Essentials] Selected Paper Material Tag Provider as the provider for MaterialTagProvider
[23:15:07] [Server thread/INFO]: [Essentials] Selected 1.14+ Sign Data Provider as the provider for SignDataProvider
[23:15:07] [Server thread/INFO]: [Essentials] Selected 1.12.2+ Player Locale Provider as the provider for PlayerLocaleProvider
[23:15:07] [Server thread/INFO]: [Essentials] Selected Paper Biome Key Provider as the provider for BiomeKeyProvider
[23:15:07] [Server thread/INFO]: [Essentials] Selected 1.8.3+ Spawner Item Provider as the provider for SpawnerItemProvider
[23:15:07] [Server thread/INFO]: [Essentials] Selected 1.20.5+ Banner Data Provider as the provider for BannerDataProvider
[23:15:07] [Server thread/INFO]: [Essentials] Selected 1.12+ Spawner Block Provider as the provider for SpawnerBlockProvider
[23:15:08] [Server thread/INFO]: [Essentials] Loaded 46312 items from items.json.
[23:15:08] [Server thread/INFO]: [Essentials] Using locale en
[23:15:08] [Server thread/INFO]: [Essentials] ServerListPingEvent: Spigot iterator API
[23:15:08] [Server thread/INFO]: [Essentials] Starting Metrics. Opt-out using the global bStats config.
[23:15:08] [Server thread/INFO]: [Essentials] Using superperms-based permissions.
[23:15:08] [Server thread/INFO]: [spark] Starting background profiler...
[23:15:08] [Server thread/INFO]: Saving chunks for level 'ServerLevel[world]'/minecraft:overworld
[23:15:08] [Server thread/INFO]: Saving chunks for level 'ServerLevel[world]'/minecraft:the_nether
[23:15:08] [Server thread/INFO]: Saving chunks for level 'ServerLevel[world]'/minecraft:the_end
[23:15:08] [Server thread/INFO]: ThreadedAnvilChunkStorage (world): All chunks are saved
[23:15:08] [Server thread/INFO]: ThreadedAnvilChunkStorage (DIM-1): All chunks are saved
[23:15:08] [Server thread/INFO]: ThreadedAnvilChunkStorage (DIM1): All chunks are saved
[23:15:08] [Server thread/INFO]: ThreadedAnvilChunkStorage: All dimensions are saved
[23:15:08] [Server thread/INFO]: Running delayed init tasks
[23:15:08] [Craft Scheduler Thread - 3 - Essentials/INFO]: [Essentials] Fetching version information...
[23:15:08] [Server thread/INFO]: Done (13.134s)! For help, type "help"
[23:15:09] [Paper Async Task Handler Thread - 1/WARN]: *** You are running an outdated version of Minecraft, which is 2 release(s) and 14 build(s) behind!
[23:15:09] [Paper Async Task Handler Thread - 1/WARN]: *** Please update to the latest stable version on https://papermc.io/downloads/paper ***
[23:15:13] [User Authenticator #0/INFO]: UUID of player FR4NNNN is 44446ad7-4fa4-3cbd-b13a-acc6f67bf8c3
[23:15:16] [Server thread/INFO]: FR4NNNN joined the game
[23:15:16] [Server thread/INFO]: FR4NNNN[/100.110.168.0:51630] logged in with entity id 66 at ([minecraft:overworld]-560.0643460480555, 88.0, 159.8423531358174)
[23:17:18] [Server thread/INFO]: FR4NNNN lost connection: Disconnected
[23:17:19] [Server thread/INFO]: FR4NNNN left the game
[23:53:28] [Server thread/INFO]: Stopping the server
[23:53:28] [Server thread/INFO]: Stopping server
[23:53:28] [Server thread/INFO]: [Essentials] Disabling Essentials v2.22.0
[23:53:28] [Server thread/INFO]: [GraveChestNO] Disabling GraveChestNO v1.4.0
[23:53:28] [Server thread/INFO]: Saving players
[23:53:28] [Server thread/INFO]: Saving worlds
[23:53:28] [Server thread/INFO]: Saving chunks for level 'ServerLevel[world]'/minecraft:overworld
[23:53:28] [Server thread/INFO]: [ChunkHolderManager] Waiting 60s for chunk system to halt for world 'minecraft:overworld'
[23:53:28] [Server thread/INFO]: [ChunkHolderManager] Halted chunk system for world 'minecraft:overworld'
[23:53:28] [Server thread/INFO]: [ChunkHolderManager] Saving all chunkholders for world 'minecraft:overworld'
[23:53:28] [Server thread/INFO]: [ChunkHolderManager] Saved 0 block chunks, 0 entity chunks, 0 poi chunks in world 'minecraft:overworld' in 0.00s
[23:53:28] [Server thread/INFO]: [ChunkHolderManager] Waiting 60s for chunk I/O to halt for world 'minecraft:overworld'
[23:53:28] [Server thread/INFO]: [ChunkHolderManager] Halted I/O scheduler for world 'minecraft:overworld'
[23:53:28] [Server thread/INFO]: Saving chunks for level 'ServerLevel[world]'/minecraft:the_nether
[23:53:28] [Server thread/INFO]: [ChunkHolderManager] Waiting 60s for chunk system to halt for world 'minecraft:the_nether'
[23:53:28] [Server thread/INFO]: [ChunkHolderManager] Halted chunk system for world 'minecraft:the_nether'
[23:53:28] [Server thread/INFO]: [ChunkHolderManager] Saving all chunkholders for world 'minecraft:the_nether'
[23:53:28] [Server thread/INFO]: [ChunkHolderManager] Saved 0 block chunks, 0 entity chunks, 0 poi chunks in world 'minecraft:the_nether' in 0.00s
[23:53:28] [Server thread/INFO]: [ChunkHolderManager] Waiting 60s for chunk I/O to halt for world 'minecraft:the_nether'
[23:53:28] [Server thread/INFO]: [ChunkHolderManager] Halted I/O scheduler for world 'minecraft:the_nether'
[23:53:28] [Server thread/INFO]: Saving chunks for level 'ServerLevel[world]'/minecraft:the_end
[23:53:28] [Server thread/INFO]: [ChunkHolderManager] Waiting 60s for chunk system to halt for world 'minecraft:the_end'
[23:53:28] [Server thread/INFO]: [ChunkHolderManager] Halted chunk system for world 'minecraft:the_end'
[23:53:28] [Server thread/INFO]: [ChunkHolderManager] Saving all chunkholders for world 'minecraft:the_end'
[23:53:28] [Server thread/INFO]: [ChunkHolderManager] Saved 0 block chunks, 0 entity chunks, 0 poi chunks in world 'minecraft:the_end' in 0.00s
[23:53:28] [Server thread/INFO]: [ChunkHolderManager] Waiting 60s for chunk I/O to halt for world 'minecraft:the_end'
[23:53:28] [Server thread/INFO]: [ChunkHolderManager] Halted I/O scheduler for world 'minecraft:the_end'
[23:53:28] [Server thread/INFO]: ThreadedAnvilChunkStorage (world): All chunks are saved
[23:53:28] [Server thread/INFO]: ThreadedAnvilChunkStorage (DIM-1): All chunks are saved
[23:53:28] [Server thread/INFO]: ThreadedAnvilChunkStorage (DIM1): All chunks are saved
[23:53:28] [Server thread/INFO]: ThreadedAnvilChunkStorage: All dimensions are saved
[23:53:28] [Server thread/INFO]: Waiting for all RegionFile I/O tasks to complete...
[23:53:28] [Server thread/INFO]: All RegionFile I/O tasks to complete
[23:53:28] [Server thread/INFO]: [MoonriseCommon] Awaiting termination of worker pool for up to 60s...
[23:53:28] [Server thread/INFO]: [MoonriseCommon] Awaiting termination of I/O pool for up to 60s...
